// Jest Snapshot v1, https://goo.gl/fbAQLP

exports[`simple 1`] = `
Array [
  Object {
    "index": 0,
    "route": Object {
      "path": "/",
    },
    "score": 104,
  },
  Object {
    "index": 2,
    "route": Object {
      "path": "/post/bar",
    },
    "score": 14,
  },
  Object {
    "index": 4,
    "route": Object {
      "path": "/post/foo",
    },
    "score": 14,
  },
  Object {
    "index": 3,
    "route": Object {
      "path": "/post/:id",
    },
    "score": 13,
  },
  Object {
    "index": 1,
    "route": Object {
      "path": "/:user",
    },
    "score": 6,
  },
]
`;
